pip_system_certs: ERROR: could not inject truststore: [ASN1: NOT_ENOUGH_DATA] not enough data (_ssl.c:4030)
MODE=D vocab=2410 recall_ceiling_on_T=0.9174
  fold0 43s
  fold1 96s
  fold2 185s

--- prior-only baseline ---
  prior adaptive : 0.1122
  prior fixed k=10: 0.1019
  prior fixed k=13: 0.1081
  prior fixed k=16: 0.1148

--- model ---
  adaptive-k     : 0.1779
  fixed k= 6     : 0.1653
  fixed k= 8     : 0.1774
  fixed k=10     : 0.1839
  fixed k=12     : 0.1871
  fixed k=13     : 0.1887
  fixed k=14     : 0.1882
  fixed k=16     : 0.1881
  fixed k=18     : 0.1874
  fixed k=20     : 0.1859
  fixed k=24     : 0.1816

--- prob calibration (power) + adaptive ---
  power 0.5: 0.1709
  power 0.7: 0.1894
  power 1.0: 0.1779
  power 1.4: 0.1511
  power 2.0: 0.1223

--- shrink * adaptive ---
  shrink 0.7: 0.1705
  shrink 0.85: 0.1750
  shrink 1.0: 0.1779
  shrink 1.15: 0.1805
  shrink 1.3: 0.1832
  shrink 1.5: 0.1844
  shrink 1.8: 0.1862

--- blend with prior ---
  blend 0.0: 0.1779
  blend 0.1: 0.1835
  blend 0.2: 0.1883
  blend 0.35: 0.1940
  blend 0.5: 0.1904

BEST: blend 0.35 = 0.1940   (multitask head in solution.py gave 0.2005)
total 197 s
